18:39:31 **** Incremental Build of configuration Debug for project LCD_prototype ****
make -j7 all 
arm-none-eabi-size   LCD_prototype.elf 
   text	   data	    bss	    dec	    hex	filename
  11984	    120	   1600	  13704	   3588	LCD_prototype.elf
Finished building: default.size.stdout
 
18:39:38 **** Incremental Build of configuration Debug for project LCD_prototype ****
make -j7 all 
arm-none-eabi-size   LCD_prototype.elf 
   text	   data	    bss	    dec	    hex	filename
  11984	    120	   1600	  13704	   3588	LCD_prototype.elf
Finished building: default.size.stdout
 
